## ComfyUI-Manager: installing dependencies done.
[2026-09-12 20:06:35.081] ** ComfyUI startup time: 2026-09-12 20:06:35.081
[2026-09-12 20:06:35.081] ** Platform: Windows
[2026-09-12 20:06:35.081] ** Python version: 3.10.11 (tags/v3.10.11:7d4cc5a, Apr  5 2023, 00:38:17) [MSC v.1929 64 bit (AMD64)]
[2026-09-12 20:06:35.081] ** Python executable: D:\@LEEDONGMIN_STUDY\COMFYUI\Work\ComfyUI\.venv\Scripts\python.exe
[2026-09-12 20:06:35.082] ** ComfyUI Path: D:\@LEEDONGMIN_STUDY\COMFYUI\Work\ComfyUI
[2026-09-12 20:06:35.082] ** ComfyUI Base Folder Path: D:\@LEEDONGMIN_STUDY\COMFYUI\Work\ComfyUI
[2026-09-12 20:06:35.082] ** User directory: D:\@LEEDONGMIN_STUDY\COMFYUI\Work\ComfyUI\user
[2026-09-12 20:06:35.082] ** ComfyUI-Manager config path: D:\@LEEDONGMIN_STUDY\COMFYUI\Work\ComfyUI\user\__manager\config.ini
[2026-09-12 20:06:35.083] ** Log path: D:\@LEEDONGMIN_STUDY\COMFYUI\Work\ComfyUI\user\comfyui.log

Prestartup times for custom nodes:
[2026-09-12 20:06:35.349]    7.8 seconds: D:\@LEEDONGMIN_STUDY\COMFYUI\Work\ComfyUI\custom_nodes\comfyui-manager
[2026-09-12 20:06:35.349] 
[2026-09-12 20:06:49.013] WARNING: You need pytorch with cu130 or higher to use optimized CUDA operations.
WARNING WARNING WARNING
If you are on nvidia 20 series and above it is required that you update your pytorch to cu130 or higher.

[2026-09-12 20:06:49.013] Found comfy_kitchen backend triton: {'available': False, 'disabled': True, 'unavailable_reason': "ImportError: No module named 'triton'", 'capabilities': []}
[2026-09-12 20:06:49.013] Found comfy_kitchen backend eager: {'available': True, 'disabled': False, 'unavailable_reason': None, 'capabilities': ['adaln', 'apply_rope', 'apply_rope1', 'apply_rope1_', 'apply_rope_', 'apply_rope_split_half', 'apply_rope_split_half1', 'apply_rope_split_half1_', 'apply_rope_split_half_', 'convrot_w4a4_linear', 'dequantize_convrot_w4a4_weight', 'dequantize_int8_convrot_weight', 'dequantize_int8_convrot_weight_dtype', 'dequantize_int8_embedding', 'dequantize_int8_simple', 'dequantize_int8_simple_dtype', 'dequantize_mxfp8', 'dequantize_nvfp4', 'dequantize_per_tensor_fp8', 'dequantize_w4a8_int8_weight', 'gemv_awq_w4a16', 'int8_linear', 'na3d', 'prepare_int4_weight_for_int8_linear', 'quantize_and_rotate_rowwise', 'quantize_convrot_w4a4_weight', 'quantize_int8_convrot_weight', 'quantize_int8_rowwise', 'quantize_int8_tensorwise', 'quantize_mxfp8', 'quantize_nvfp4', 'quantize_per_tensor_fp8', 'quantize_svdquant_w4a4', 'quantize_w4a8_int8_weight', 'rms_adaln', 'rms_rope', 'rms_rope1', 'rms_rope1_', 'rms_rope_', 'rms_rope_split_half', 'rms_rope_split_half1', 'rms_rope_split_half1_', 'rms_rope_split_half_', 'rotate_int8_convrot_weight', 'scaled_mm_mxfp8', 'scaled_mm_nvfp4', 'scaled_mm_svdquant_w4a4', 'sol_attn', 'stochastic_rounding_fp8', 'w4a8_int8_linear']}
[2026-09-12 20:06:49.013] Found comfy_kitchen backend cuda: {'available': True, 'disabled': True, 'unavailable_reason': None, 'capabilities': ['adaln', 'apply_rope', 'apply_rope1', 'apply_rope1_', 'apply_rope_', 'apply_rope_split_half', 'apply_rope_split_half1', 'apply_rope_split_half1_', 'apply_rope_split_half_', 'convrot_w4a4_linear', 'dequantize_convrot_w4a4_weight', 'dequantize_int8_convrot_weight', 'dequantize_int8_convrot_weight_dtype', 'dequantize_int8_simple', 'dequantize_int8_simple_dtype', 'dequantize_nvfp4', 'dequantize_per_tensor_fp8', 'dequantize_w4a8_int8_weight', 'gemv_awq_w4a16', 'na3d', 'prepare_int4_weight_for_int8_linear', 'quantize_and_rotate_rowwise', 'quantize_convrot_w4a4_weight', 'quantize_int8_convrot_weight', 'quantize_int8_rowwise', 'quantize_int8_tensorwise', 'quantize_mxfp8', 'quantize_nvfp4', 'quantize_per_tensor_fp8', 'quantize_svdquant_w4a4', 'quantize_w4a8_int8_weight', 'rms_adaln', 'rms_rope', 'rms_rope1', 'rms_rope1_', 'rms_rope_', 'rms_rope_split_half', 'rms_rope_split_half1', 'rms_rope_split_half1_', 'rms_rope_split_half_', 'rotate_int8_convrot_weight', 'scaled_mm_svdquant_w4a4', 'sol_attn', 'stochastic_rounding_fp8', 'w4a8_int8_linear']}
[2026-09-12 20:06:49.013] Found comfy_kitchen backend hip: {'available': False, 'disabled': False, 'unavailable_reason': 'PyTorch ROCm/HIP runtime not available', 'capabilities': []}
[2026-09-12 20:06:49.118] Checkpoint files will always be loaded safely.
[2026-09-12 20:06:49.259] Total VRAM 32690 MB, total RAM 32690 MB
[2026-09-12 20:06:49.259] pytorch version: 2.11.0+cu128
[2026-09-12 20:06:49.260] Set vram state to: DISABLED
[2026-09-12 20:06:49.260] Device: cpu
[2026-09-12 20:06:49.581] Using sub quadratic optimization for attention, if you have memory or speed issues try using: --use-split-cross-attention
[2026-09-12 20:07:21.735] Python version: 3.10.11 (tags/v3.10.11:7d4cc5a, Apr  5 2023, 00:38:17) [MSC v.1929 64 bit (AMD64)]
[2026-09-12 20:07:21.735] ComfyUI version: 0.35.0
[2026-09-12 20:07:21.737] comfy-aimdo version: 0.5.3
[2026-09-12 20:07:21.739] comfy-kitchen version: 0.2.33
[2026-09-12 20:07:21.739] WARNING: Python 3.10 will be EOL on October 31 2026, please consider upgrading to a newer version.
[2026-09-12 20:07:21.746] comfyui-frontend-package version: 1.52.7
[2026-09-12 20:07:21.746] comfyui-workflow-templates version: 0.11.59
[2026-09-12 20:07:21.746] comfyui-embedded-docs version: 0.5.11
[2026-09-12 20:07:21.746] comfy-kitchen version: 0.2.33
[2026-09-12 20:07:21.746] comfy-aimdo version: 0.5.3
[2026-09-12 20:07:21.757] [Prompt Server] web root: D:\@LEEDONGMIN_STUDY\COMFYUI\Work\ComfyUI\.venv\lib\site-packages\comfyui_frontend_package\static
[2026-09-12 20:07:21.758] Asset seeder disabled
[2026-09-12 20:07:29.461] No OpenGL_accelerate module loaded: No module named 'OpenGL_accelerate'
[2026-09-12 20:07:33.679] ### Loading: ComfyUI-Manager (V3.41)
[2026-09-12 20:07:33.680] [ComfyUI-Manager] network_mode: public
[2026-09-12 20:07:33.680] [ComfyUI-Manager] ComfyUI per-queue preview override detected (PR #11261). Manager's preview method feature is disabled. Use ComfyUI's --preview-method CLI option or 'Settings > Execution > Live preview method'.
[2026-09-12 20:07:33.897] ### ComfyUI Revision: 1 [c75d8c96] | Released on '2026-09-12'
[2026-09-12 20:07:33.957] 
Import times for custom nodes:
[2026-09-12 20:07:33.957]    0.0 seconds: D:\@LEEDONGMIN_STUDY\COMFYUI\Work\ComfyUI\custom_nodes\websocket_image_save.py
[2026-09-12 20:07:33.957]    0.4 seconds: D:\@LEEDONGMIN_STUDY\COMFYUI\Work\ComfyUI\custom_nodes\comfyui-manager
[2026-09-12 20:07:33.957] 
[2026-09-12 20:07:33.972] Context impl SQLiteImpl.
[2026-09-12 20:07:33.972] Will assume non-transactional DDL.
[2026-09-12 20:07:33.993] [ComfyUI-Manager] default cache updated: https://raw.githubusercontent.com/ltdrdata/ComfyUI-Manager/main/alter-list.json
[2026-09-12 20:07:34.004] [ComfyUI-Manager] default cache updated: https://raw.githubusercontent.com/ltdrdata/ComfyUI-Manager/main/model-list.json
[2026-09-12 20:07:34.059] [ComfyUI-Manager] default cache updated: https://raw.githubusercontent.com/ltdrdata/ComfyUI-Manager/main/github-stats.json
[2026-09-12 20:07:34.067] Context impl SQLiteImpl.
[2026-09-12 20:07:34.067] Will assume non-transactional DDL.
[2026-09-12 20:07:34.113] Running upgrade  -> 0001_assets, Initial assets schema
Revision ID: 0001_assets
Revises: None
Create Date: 2025-12-10 00:00:00
[2026-09-12 20:07:34.187] [ComfyUI-Manager] default cache updated: https://raw.githubusercontent.com/ltdrdata/ComfyUI-Manager/main/custom-node-list.json
[2026-09-12 20:07:34.245] Running upgrade 0001_assets -> 0002_merge_to_asset_references, Merge AssetInfo and AssetCacheState into unified asset_references table.
[2026-09-12 20:07:34.283] [ComfyUI-Manager] default cache updated: https://raw.githubusercontent.com/ltdrdata/ComfyUI-Manager/main/extension-node-map.json
[2026-09-12 20:07:34.867] Running upgrade 0002_merge_to_asset_references -> 0003_add_metadata_job_id, Add system_metadata and job_id columns to asset_references.
Change preview_id FK from assets.id to asset_references.id.
[2026-09-12 20:07:34.911] Running upgrade 0003_add_metadata_job_id -> 0004_drop_tag_type, Drop the vestigial tags.tag_type column.
[2026-09-12 20:07:34.923] Running upgrade 0004_drop_tag_type -> 0005_allow_case_sensitive_tags, Allow case-sensitive tag names.
[2026-09-12 20:07:34.933] Running upgrade 0005_allow_case_sensitive_tags -> 0006_add_loader_path, Add loader_path column to asset_references.
[2026-09-12 20:07:34.941] Database upgraded from None to 0006_add_loader_path
[2026-09-12 20:07:35.349] Using RAM pressure cache.
[2026-09-12 20:07:35.690] Cannot connect to comfyregistry.
[2026-09-12 20:07:35.692] FETCH DATA from: https://raw.githubusercontent.com/ltdrdata/ComfyUI-Manager/main/custom-node-list.json[ComfyUI-Manager] Due to a network error, switching to local mode.
[2026-09-12 20:07:35.760] => custom-node-list.json
[2026-09-12 20:07:35.760] => cannot schedule new futures after shutdown
[2026-09-12 20:07:35.760] FETCH DATA from: D:\@LEEDONGMIN_STUDY\COMFYUI\Work\ComfyUI\custom_nodes\comfyui-manager\custom-node-list.json [DONE]
[2026-09-12 20:07:35.896] [ComfyUI-Manager] All startup tasks have been completed.
